[0.184s] DEBUG:colcon:Command line arguments: ['/usr/bin/colcon', 'build', '--packages-select', 'test_pack', '--symlink-install']
[0.184s] DEBUG:colcon:Parsed command line arguments: Namespace(log_base=None, log_level=None, verb_name='build', build_base='build', install_base='install', merge_install=False, symlink_install=True, test_result_base=None, continue_on_error=False, executor='parallel', parallel_workers=4, event_handlers=None, ignore_user_meta=False, metas=['./colcon.meta'], base_paths=['.'], packages_ignore=None, packages_ignore_regex=None, paths=None, packages_up_to=None, packages_up_to_regex=None, packages_above=None, packages_above_and_dependencies=None, packages_above_depth=None, packages_select_by_dep=None, packages_skip_by_dep=None, packages_skip_up_to=None, packages_select_build_failed=False, packages_skip_build_finished=False, packages_select_test_failures=False, packages_skip_test_passed=False, packages_select=['test_pack'], packages_skip=None, packages_select_regex=None, packages_skip_regex=None, packages_start=None, packages_end=None, allow_overriding=[], cmake_args=None, cmake_target=None, cmake_target_skip_unavailable=False, cmake_clean_cache=False, cmake_clean_first=False, cmake_force_configure=False, ament_cmake_args=None, catkin_cmake_args=None, catkin_skip_building_tests=False, verb_parser=<colcon_defaults.argument_parser.defaults.DefaultArgumentsDecorator object at 0x7efca7003100>, verb_extension=<colcon_core.verb.build.BuildVerb object at 0x7efca722c8b0>, main=<bound method BuildVerb.main of <colcon_core.verb.build.BuildVerb object at 0x7efca722c8b0>>)
[0.322s] Level 1:colcon.colcon_core.package_discovery:discover_packages(colcon_meta) check parameters
[0.322s] Level 1:colcon.colcon_core.package_discovery:discover_packages(recursive) check parameters
[0.322s] Level 1:colcon.colcon_core.package_discovery:discover_packages(ignore) check parameters
[0.322s] Level 1:colcon.colcon_core.package_discovery:discover_packages(path) check parameters
[0.322s] Level 1:colcon.colcon_core.package_discovery:discover_packages(colcon_meta) discover
[0.323s] Level 1:colcon.colcon_core.package_discovery:discover_packages(recursive) discover
[0.323s] INFO:colcon.colcon_core.package_discovery:Crawling recursively for packages in '/home/rvv/ros2_ws'
[0.323s] Level 1:colcon.colcon_core.package_identification:_identify(.) by extensions ['ignore', 'ignore_ament_install']
[0.323s] Level 1:colcon.colcon_core.package_identification:_identify(.) by extension 'ignore'
[0.323s] Level 1:colcon.colcon_core.package_identification:_identify(.) by extension 'ignore_ament_install'
[0.323s] Level 1:colcon.colcon_core.package_identification:_identify(.) by extensions ['colcon_pkg']
[0.323s] Level 1:colcon.colcon_core.package_identification:_identify(.) by extension 'colcon_pkg'
[0.323s] Level 1:colcon.colcon_core.package_identification:_identify(.) by extensions ['colcon_meta']
[0.323s] Level 1:colcon.colcon_core.package_identification:_identify(.) by extension 'colcon_meta'
[0.323s] Level 1:colcon.colcon_core.package_identification:_identify(.) by extensions ['ros']
[0.323s] Level 1:colcon.colcon_core.package_identification:_identify(.) by extension 'ros'
[0.335s] Level 1:colcon.colcon_core.package_identification:_identify(.) by extensions ['cmake', 'python']
[0.335s] Level 1:colcon.colcon_core.package_identification:_identify(.) by extension 'cmake'
[0.335s] Level 1:colcon.colcon_core.package_identification:_identify(.) by extension 'python'
[0.335s] Level 1:colcon.colcon_core.package_identification:_identify(.) by extensions ['python_setup_py']
[0.335s] Level 1:colcon.colcon_core.package_identification:_identify(.) by extension 'python_setup_py'
[0.335s] Level 1:colcon.colcon_core.package_identification:_identify(build) by extensions ['ignore', 'ignore_ament_install']
[0.336s] Level 1:colcon.colcon_core.package_identification:_identify(build) by extension 'ignore'
[0.336s] Level 1:colcon.colcon_core.package_identification:_identify(build) ignored
[0.336s] Level 1:colcon.colcon_core.package_identification:_identify(install) by extensions ['ignore', 'ignore_ament_install']
[0.336s] Level 1:colcon.colcon_core.package_identification:_identify(install) by extension 'ignore'
[0.336s] Level 1:colcon.colcon_core.package_identification:_identify(install) ignored
[0.336s] Level 1:colcon.colcon_core.package_identification:_identify(log) by extensions ['ignore', 'ignore_ament_install']
[0.336s] Level 1:colcon.colcon_core.package_identification:_identify(log) by extension 'ignore'
[0.336s] Level 1:colcon.colcon_core.package_identification:_identify(log) ignored
[0.336s] Level 1:colcon.colcon_core.package_identification:_identify(src) by extensions ['ignore', 'ignore_ament_install']
[0.336s] Level 1:colcon.colcon_core.package_identification:_identify(src) by extension 'ignore'
[0.336s] Level 1:colcon.colcon_core.package_identification:_identify(src) by extension 'ignore_ament_install'
[0.336s] Level 1:colcon.colcon_core.package_identification:_identify(src) by extensions ['colcon_pkg']
[0.336s] Level 1:colcon.colcon_core.package_identification:_identify(src) by extension 'colcon_pkg'
[0.336s] Level 1:colcon.colcon_core.package_identification:_identify(src) by extensions ['colcon_meta']
[0.336s] Level 1:colcon.colcon_core.package_identification:_identify(src) by extension 'colcon_meta'
[0.336s] Level 1:colcon.colcon_core.package_identification:_identify(src) by extensions ['ros']
[0.336s] Level 1:colcon.colcon_core.package_identification:_identify(src) by extension 'ros'
[0.336s] Level 1:colcon.colcon_core.package_identification:_identify(src) by extensions ['cmake', 'python']
[0.336s] Level 1:colcon.colcon_core.package_identification:_identify(src) by extension 'cmake'
[0.336s] Level 1:colcon.colcon_core.package_identification:_identify(src) by extension 'python'
[0.336s] Level 1:colcon.colcon_core.package_identification:_identify(src) by extensions ['python_setup_py']
[0.336s] Level 1:colcon.colcon_core.package_identification:_identify(src) by extension 'python_setup_py'
[0.337s] Level 1:colcon.colcon_core.package_identification:_identify(src/test_pack) by extensions ['ignore', 'ignore_ament_install']
[0.337s] Level 1:colcon.colcon_core.package_identification:_identify(src/test_pack) by extension 'ignore'
[0.337s] Level 1:colcon.colcon_core.package_identification:_identify(src/test_pack) by extension 'ignore_ament_install'
[0.337s] Level 1:colcon.colcon_core.package_identification:_identify(src/test_pack) by extensions ['colcon_pkg']
[0.337s] Level 1:colcon.colcon_core.package_identification:_identify(src/test_pack) by extension 'colcon_pkg'
[0.337s] Level 1:colcon.colcon_core.package_identification:_identify(src/test_pack) by extensions ['colcon_meta']
[0.337s] Level 1:colcon.colcon_core.package_identification:_identify(src/test_pack) by extension 'colcon_meta'
[0.337s] Level 1:colcon.colcon_core.package_identification:_identify(src/test_pack) by extensions ['ros']
[0.337s] Level 1:colcon.colcon_core.package_identification:_identify(src/test_pack) by extension 'ros'
[0.339s] DEBUG:colcon.colcon_core.package_identification:Package 'src/test_pack' with type 'ros.ament_python' and name 'test_pack'
[0.339s] Level 1:colcon.colcon_core.package_discovery:discover_packages(recursive) using defaults
[0.339s] Level 1:colcon.colcon_core.package_discovery:discover_packages(ignore) discover
[0.339s] Level 1:colcon.colcon_core.package_discovery:discover_packages(ignore) using defaults
[0.339s] Level 1:colcon.colcon_core.package_discovery:discover_packages(path) discover
[0.339s] Level 1:colcon.colcon_core.package_discovery:discover_packages(path) using defaults
[0.358s] Level 1:colcon.colcon_core.package_discovery:discover_packages(prefix_path) check parameters
[0.358s] Level 1:colcon.colcon_core.package_discovery:discover_packages(prefix_path) discover
[0.361s] DEBUG:colcon.colcon_installed_package_information.package_discovery:Found 1 installed packages in /home/rvv/ros2_ws/install
[0.362s] DEBUG:colcon.colcon_installed_package_information.package_discovery:Found 271 installed packages in /opt/ros/humble
[0.364s] Level 1:colcon.colcon_core.package_discovery:discover_packages(prefix_path) using defaults
[0.407s] Level 5:colcon.colcon_core.verb:set package 'test_pack' build argument 'cmake_args' from command line to 'None'
[0.407s] Level 5:colcon.colcon_core.verb:set package 'test_pack' build argument 'cmake_target' from command line to 'None'
[0.407s] Level 5:colcon.colcon_core.verb:set package 'test_pack' build argument 'cmake_target_skip_unavailable' from command line to 'False'
[0.407s] Level 5:colcon.colcon_core.verb:set package 'test_pack' build argument 'cmake_clean_cache' from command line to 'False'
[0.408s] Level 5:colcon.colcon_core.verb:set package 'test_pack' build argument 'cmake_clean_first' from command line to 'False'
[0.408s] Level 5:colcon.colcon_core.verb:set package 'test_pack' build argument 'cmake_force_configure' from command line to 'False'
[0.408s] Level 5:colcon.colcon_core.verb:set package 'test_pack' build argument 'ament_cmake_args' from command line to 'None'
[0.408s] Level 5:colcon.colcon_core.verb:set package 'test_pack' build argument 'catkin_cmake_args' from command line to 'None'
[0.408s] Level 5:colcon.colcon_core.verb:set package 'test_pack' build argument 'catkin_skip_building_tests' from command line to 'False'
[0.408s] DEBUG:colcon.colcon_core.verb:Building package 'test_pack' with the following arguments: {'ament_cmake_args': None, 'build_base': '/home/rvv/ros2_ws/build/test_pack', 'catkin_cmake_args': None, 'catkin_skip_building_tests': False, 'cmake_args': None, 'cmake_clean_cache': False, 'cmake_clean_first': False, 'cmake_force_configure': False, 'cmake_target': None, 'cmake_target_skip_unavailable': False, 'install_base': '/home/rvv/ros2_ws/install/test_pack', 'merge_install': False, 'path': '/home/rvv/ros2_ws/src/test_pack', 'symlink_install': True, 'test_result_base': None}
[0.408s] INFO:colcon.colcon_core.executor:Executing jobs using 'parallel' executor
[0.409s] DEBUG:colcon.colcon_parallel_executor.executor.parallel:run_until_complete
[0.410s] INFO:colcon.colcon_ros.task.ament_python.build:Building ROS package in '/home/rvv/ros2_ws/src/test_pack' with build type 'ament_python'
[0.410s] Level 1:colcon.colcon_core.shell:create_environment_hook('test_pack', 'ament_prefix_path')
[0.412s] INFO:colcon.colcon_core.plugin_system:Skipping extension 'colcon_core.shell.bat': Not used on non-Windows systems
[0.413s] INFO:colcon.colcon_core.shell:Creating environment hook '/home/rvv/ros2_ws/install/test_pack/share/test_pack/hook/ament_prefix_path.ps1'
[0.413s] INFO:colcon.colcon_core.shell:Creating environment descriptor '/home/rvv/ros2_ws/install/test_pack/share/test_pack/hook/ament_prefix_path.dsv'
[0.414s] INFO:colcon.colcon_core.shell:Creating environment hook '/home/rvv/ros2_ws/install/test_pack/share/test_pack/hook/ament_prefix_path.sh'
[0.415s] INFO:colcon.colcon_core.shell:Skip shell extension 'powershell' for command environment: Not usable outside of PowerShell
[0.415s] DEBUG:colcon.colcon_core.shell:Skip shell extension 'dsv' for command environment
[0.647s] INFO:colcon.colcon_core.task.python.build:Building Python package in '/home/rvv/ros2_ws/src/test_pack'
[0.648s] INFO:colcon.colcon_core.shell:Skip shell extension 'powershell' for command environment: Not usable outside of PowerShell
[0.648s] DEBUG:colcon.colcon_core.shell:Skip shell extension 'dsv' for command environment
[0.973s] DEBUG:colcon.colcon_core.task.python.build:While undoing a previous installation files outside the Python library path are being ignored: /home/rvv/ros2_ws/install/test_pack/share/ament_index/resource_index/packages/test_pack
[0.973s] DEBUG:colcon.colcon_core.task.python.build:While undoing a previous installation files outside the Python library path are being ignored: /home/rvv/ros2_ws/install/test_pack/share/test_pack/package.xml
[0.973s] DEBUG:colcon.colcon_core.task.python.build:While undoing a previous installation files outside the Python library path are being ignored: /home/rvv/ros2_ws/install/test_pack/share/test_pack/launch/turtlesim_launch_gen.py
[0.974s] DEBUG:colcon.colcon_core.task.python.build:While undoing a previous installation files outside the Python library path are being ignored: /home/rvv/ros2_ws/install/test_pack/lib/test_pack/lab2
[0.980s] DEBUG:colcon.colcon_core.event_handler.log_command:Invoking command in '/home/rvv/ros2_ws/build/test_pack': PYTHONPATH=/home/rvv/ros2_ws/build/test_pack/prefix_override:/usr/lib/python3/dist-packages/colcon_core/task/python/colcon_distutils_commands:/home/rvv/ros2_ws/install/test_pack/lib/python3.10/site-packages:${PYTHONPATH} /usr/bin/python3 -W ignore:setup.py install is deprecated -W ignore:easy_install command is deprecated setup.py develop --editable --build-directory /home/rvv/ros2_ws/build/test_pack/build --no-deps symlink_data --force
[1.352s] Level 1:colcon.colcon_core.shell:create_environment_hook('test_pack', 'pythonpath_develop')
[1.353s] DEBUG:colcon.colcon_core.event_handler.log_command:Invoked command in '/home/rvv/ros2_ws/build/test_pack' returned '0': PYTHONPATH=/home/rvv/ros2_ws/build/test_pack/prefix_override:/usr/lib/python3/dist-packages/colcon_core/task/python/colcon_distutils_commands:/home/rvv/ros2_ws/install/test_pack/lib/python3.10/site-packages:${PYTHONPATH} /usr/bin/python3 -W ignore:setup.py install is deprecated -W ignore:easy_install command is deprecated setup.py develop --editable --build-directory /home/rvv/ros2_ws/build/test_pack/build --no-deps symlink_data --force
[1.353s] INFO:colcon.colcon_core.shell:Creating environment hook '/home/rvv/ros2_ws/build/test_pack/share/test_pack/hook/pythonpath_develop.ps1'
[1.354s] INFO:colcon.colcon_core.shell:Creating environment descriptor '/home/rvv/ros2_ws/build/test_pack/share/test_pack/hook/pythonpath_develop.dsv'
[1.354s] INFO:colcon.colcon_core.shell:Creating environment hook '/home/rvv/ros2_ws/build/test_pack/share/test_pack/hook/pythonpath_develop.sh'
[1.356s] Level 1:colcon.colcon_core.environment:checking '/home/rvv/ros2_ws/install/test_pack' for CMake module files
[1.357s] Level 1:colcon.colcon_core.environment:checking '/home/rvv/ros2_ws/install/test_pack' for CMake config files
[1.357s] Level 1:colcon.colcon_core.environment:checking '/home/rvv/ros2_ws/install/test_pack/lib'
[1.357s] Level 1:colcon.colcon_core.environment:checking '/home/rvv/ros2_ws/install/test_pack/bin'
[1.357s] Level 1:colcon.colcon_core.environment:checking '/home/rvv/ros2_ws/install/test_pack/lib/pkgconfig/test_pack.pc'
[1.358s] Level 1:colcon.colcon_core.environment:checking '/home/rvv/ros2_ws/install/test_pack/lib/python3.10/site-packages'
[1.358s] Level 1:colcon.colcon_core.shell:create_environment_hook('test_pack', 'pythonpath')
[1.358s] INFO:colcon.colcon_core.shell:Creating environment hook '/home/rvv/ros2_ws/install/test_pack/share/test_pack/hook/pythonpath.ps1'
[1.358s] INFO:colcon.colcon_core.shell:Creating environment descriptor '/home/rvv/ros2_ws/install/test_pack/share/test_pack/hook/pythonpath.dsv'
[1.359s] INFO:colcon.colcon_core.shell:Creating environment hook '/home/rvv/ros2_ws/install/test_pack/share/test_pack/hook/pythonpath.sh'
[1.359s] Level 1:colcon.colcon_core.environment:checking '/home/rvv/ros2_ws/install/test_pack/bin'
[1.359s] Level 1:colcon.colcon_core.environment:create_environment_scripts_only(test_pack)
[1.360s] INFO:colcon.colcon_core.shell:Creating package script '/home/rvv/ros2_ws/install/test_pack/share/test_pack/package.ps1'
[1.360s] INFO:colcon.colcon_core.shell:Creating package descriptor '/home/rvv/ros2_ws/install/test_pack/share/test_pack/package.dsv'
[1.361s] INFO:colcon.colcon_core.shell:Creating package script '/home/rvv/ros2_ws/install/test_pack/share/test_pack/package.sh'
[1.362s] INFO:colcon.colcon_core.shell:Creating package script '/home/rvv/ros2_ws/install/test_pack/share/test_pack/package.bash'
[1.363s] INFO:colcon.colcon_core.shell:Creating package script '/home/rvv/ros2_ws/install/test_pack/share/test_pack/package.zsh'
[1.363s] Level 1:colcon.colcon_core.environment:create_file_with_runtime_dependencies(/home/rvv/ros2_ws/install/test_pack/share/colcon-core/packages/test_pack)
[1.364s] DEBUG:colcon.colcon_parallel_executor.executor.parallel:closing loop
[1.365s] DEBUG:colcon.colcon_parallel_executor.executor.parallel:loop closed
[1.366s] DEBUG:colcon.colcon_parallel_executor.executor.parallel:run_until_complete finished with '0'
[1.366s] DEBUG:colcon.colcon_core.event_reactor:joining thread
[1.430s] INFO:colcon.colcon_core.plugin_system:Skipping extension 'colcon_notification.desktop_notification.notify_send': Could not find 'notify-send'
[1.430s] INFO:colcon.colcon_core.plugin_system:Skipping extension 'colcon_notification.desktop_notification.terminal_notifier': Not used on non-Darwin systems
[1.430s] INFO:colcon.colcon_core.plugin_system:Skipping extension 'colcon_notification.desktop_notification.win32': Not used on non-Windows systems
[1.430s] INFO:colcon.colcon_notification.desktop_notification:Sending desktop notification using 'notify2'
[1.431s] DEBUG:colcon.colcon_notification.desktop_notification.notify2:Failed to initialize notify2: org.freedesktop.DBus.Error.ServiceUnknown: The name org.freedesktop.Notifications was not provided by any .service files
[1.432s] DEBUG:colcon.colcon_core.event_reactor:joined thread
[1.432s] INFO:colcon.colcon_core.shell:Creating prefix script '/home/rvv/ros2_ws/install/local_setup.ps1'
[1.433s] INFO:colcon.colcon_core.shell:Creating prefix util module '/home/rvv/ros2_ws/install/_local_setup_util_ps1.py'
[1.434s] INFO:colcon.colcon_core.shell:Creating prefix chain script '/home/rvv/ros2_ws/install/setup.ps1'
[1.435s] INFO:colcon.colcon_core.shell:Creating prefix script '/home/rvv/ros2_ws/install/local_setup.sh'
[1.436s] INFO:colcon.colcon_core.shell:Creating prefix util module '/home/rvv/ros2_ws/install/_local_setup_util_sh.py'
[1.436s] INFO:colcon.colcon_core.shell:Creating prefix chain script '/home/rvv/ros2_ws/install/setup.sh'
[1.437s] INFO:colcon.colcon_core.shell:Creating prefix script '/home/rvv/ros2_ws/install/local_setup.bash'
[1.437s] INFO:colcon.colcon_core.shell:Creating prefix chain script '/home/rvv/ros2_ws/install/setup.bash'
[1.438s] INFO:colcon.colcon_core.shell:Creating prefix script '/home/rvv/ros2_ws/install/local_setup.zsh'
[1.439s] INFO:colcon.colcon_core.shell:Creating prefix chain script '/home/rvv/ros2_ws/install/setup.zsh'
